Building for debugging...
[0/3] Write sources
[1/3] Write swift-version--5B60246215D675FD.txt
[3/5] Compiling ScrapCoreTests WaveTests.swift
[4/5] Emitting module ScrapCoreTests
[5/12] C:\Users\User\ScrapSquadMovementBuild\x86_64-unknown-windows-msvc\debug\ScrapSquadPackageDiscoveredTests.derived\all-discovered-tests.swift
[6/13] Write sources
[7/13] Wrapping AST for ScrapCoreTests for debugging
[9/16] Compiling ScrapSquadPackageDiscoveredTests ScrapCoreTests.swift
[10/16] Compiling ScrapSquadPackageDiscoveredTests all-discovered-tests.swift
[11/16] Emitting module ScrapSquadPackageDiscoveredTests
[12/14] Write Objects.LinkFileList
[13/14] Linking ScrapSquadPackageTests.xctest
Build complete! (10.99s)
warning: unable to create symbolic link at C:\Users\User\ScrapSquadMovementBuild\debug: encountered an I/O error (code: 512) while reading C:\Users\User\ScrapSquadMovementBuild\debug
Test Suite 'Selected tests' started at 2026-10-04 09:51:26.804

Test Suite 'Selected tests' passed at 2026-10-04 09:51:26.808

	 Executed 0 tests, with 0 failures (0 unexpected) in 0.0 (0.0) seconds

◊ Test run started.

→ Testing Library Version: 6.3.1 (937120cbc281cf2)

→ Target Platform: x86_64-unknown-windows-msvc

◊ Test waveReviewBossSpawnRespectsEnemyLimit() started.

◊ Test waveReviewEndlessContinuesPastSix() started.

◊ Test waveReviewUpgradeSelectionFreezesWaveAndSpawning() started.

◊ Test waveReviewTimedModesRetainTwoMinuteDeadlineAndSixWaveCap() started.

◊ Test waveReviewBossRushRequiresAllThreeBosses() started.

◊ Test waveReviewNormalTwentySecondProgressionAndDeterministicSpawns() started.

◊ Test waveReviewBossRushCompletesAfterThirdBossAndStopsSpawning() started.

√ Test waveReviewEndlessContinuesPastSix() passed after 0.669 seconds.

√ Test waveReviewBossRushRequiresAllThreeBosses() passed after 0.691 seconds.

√ Test waveReviewUpgradeSelectionFreezesWaveAndSpawning() passed after 0.700 seconds.

√ Test waveReviewBossSpawnRespectsEnemyLimit() passed after 0.787 seconds.

√ Test waveReviewNormalTwentySecondProgressionAndDeterministicSpawns() passed after 1.171 seconds.

√ Test waveReviewTimedModesRetainTwoMinuteDeadlineAndSixWaveCap() passed after 2.104 seconds.

√ Test waveReviewBossRushCompletesAfterThirdBossAndStopsSpawning() passed after 2.115 seconds.

√ Test run with 7 tests in 0 suites passed after 2.117 seconds.

Wave review: survival time=149.99999999999986 wave=8 state=fighting

Wave review: arena time=149.99999999999986 wave=8 state=fighting

Wave review: Boss Rush time=120.4999999999953 bosses=1 state=fighting

Wave review: peak enemies=80, boss spawned=true

Wave review: normal checkpoints (time, wave, spawned)=[(0.05, 1, 1), (20.05000000000015, 2, 19), (40.04999999999986, 3, 45), (60.049999999998725, 4, 76), (80.0499999999976, 5, 80), (100.04999999999646, 6, 80)]

