[0/1] Planning build
Building for debugging...
[0/10] Write sources
[1/10] Write swift-version--5B60246215D675FD.txt
[3/17] Compiling ScrapCoreTests RobotStrideTests.swift
[4/17] Compiling ScrapCoreTests ReleaseStressTests.swift
[5/17] Compiling ScrapCoreTests CosmeticTests.swift
[6/17] Compiling ScrapCoreTests ReplayTests.swift
[7/17] Emitting module ScrapCoreTests
[8/17] Compiling ScrapCoreTests CombatTests.swift
[9/17] Compiling ScrapCoreTests CoreTests.swift
[10/17] Compiling ScrapCoreTests WaveTests.swift
[11/18] C:\Users\User\ScrapSquadMovementBuild\x86_64-unknown-windows-msvc\debug\ScrapSquadPackageDiscoveredTests.derived\all-discovered-tests.swift
[12/19] Write sources
[13/19] Wrapping AST for ScrapCoreTests for debugging
[15/22] Compiling ScrapSquadPackageDiscoveredTests all-discovered-tests.swift
[16/22] Emitting module ScrapSquadPackageDiscoveredTests
[17/22] Compiling ScrapSquadPackageDiscoveredTests ScrapCoreTests.swift
[18/20] Write Objects.LinkFileList
[19/20] Linking ScrapSquadPackageTests.xctest
Build complete! (15.36s)
warning: unable to create symbolic link at C:\Users\User\ScrapSquadMovementBuild\debug: encountered an I/O error (code: 512) while reading C:\Users\User\ScrapSquadMovementBuild\debug
Test Suite 'Selected tests' started at 2026-10-04 09:48:13.672

Test Suite 'Selected tests' passed at 2026-10-04 09:48:13.676

	 Executed 0 tests, with 0 failures (0 unexpected) in 0.0 (0.0) seconds

◊ Test run started.

→ Testing Library Version: 6.3.1 (937120cbc281cf2)

→ Target Platform: x86_64-unknown-windows-msvc

◊ Test waveReviewBossSpawnRespectsEnemyLimit() started.

◊ Test waveReviewNormalTwentySecondProgressionAndDeterministicSpawns() started.

◊ Test waveReviewEndlessContinuesPastSix() started.

◊ Test waveReviewBossRushRequiresAllThreeBosses() started.

◊ Test waveReviewUpgradeSelectionFreezesWaveAndSpawning() started.

× Test waveReviewBossRushRequiresAllThreeBosses() recorded an issue at WaveTests.swift:31:5: Expectation failed: (engine.state → .victory) != .victory

× Test waveReviewBossRushRequiresAllThreeBosses() failed after 0.030 seconds with 1 issue.

× Test waveReviewBossSpawnRespectsEnemyLimit() recorded an issue at WaveTests.swift:40:5: Expectation failed: (peak → 81) <= 80

× Test waveReviewBossSpawnRespectsEnemyLimit() failed after 0.121 seconds with 1 issue.

× Test waveReviewEndlessContinuesPastSix() recorded an issue at WaveTests.swift:22:9: Expectation failed: (engine.wave → 6) == 8

× Test waveReviewEndlessContinuesPastSix() recorded an issue at WaveTests.swift:22:9: Expectation failed: (engine.wave → 6) == 8

× Test waveReviewEndlessContinuesPastSix() failed after 0.632 seconds with 2 issues.

√ Test waveReviewNormalTwentySecondProgressionAndDeterministicSpawns() passed after 0.998 seconds.

√ Test waveReviewUpgradeSelectionFreezesWaveAndSpawning() passed after 1.005 seconds.

× Test run with 5 tests in 0 suites failed after 1.006 seconds with 4 issues.

Wave review: Boss Rush time=120.04999999999532 bosses=1 state=victory

Wave review: peak enemies=81, boss spawned=true

Wave review: survival time=149.99999999999986 wave=6 state=fighting

Wave review: arena time=149.99999999999986 wave=6 state=fighting

Wave review: normal checkpoints (time, wave, spawned)=[(0.05, 1, 1), (20.05000000000015, 2, 19), (40.04999999999986, 3, 45), (60.049999999998725, 4, 76), (80.0499999999976, 5, 81), (100.04999999999646, 6, 81)]

