Building for debugging...
[0/3] Write sources
[1/3] Write swift-version--5B60246215D675FD.txt
[3/5] Emitting module ScrapCoreTests
[4/5] Compiling ScrapCoreTests WaveReviewTests.swift
[5/12] C:\Users\User\ScrapSquadMovementBuild\x86_64-unknown-windows-msvc\debug\ScrapSquadPackageDiscoveredTests.derived\all-discovered-tests.swift
[6/13] Write sources
[7/13] Wrapping AST for ScrapCoreTests for debugging
[9/16] Compiling ScrapSquadPackageDiscoveredTests all-discovered-tests.swift
[10/16] Emitting module ScrapSquadPackageDiscoveredTests
[11/16] Compiling ScrapSquadPackageDiscoveredTests ScrapCoreTests.swift
[12/14] Write Objects.LinkFileList
[13/14] Linking ScrapSquadPackageTests.xctest
Build complete! (11.94s)
warning: unable to create symbolic link at C:\Users\User\ScrapSquadMovementBuild\debug: encountered an I/O error (code: 512) while reading C:\Users\User\ScrapSquadMovementBuild\debug
Test Suite 'Selected tests' started at 2026-10-04 09:45:26.121

Test Suite 'Selected tests' passed at 2026-10-04 09:45:26.126

	 Executed 0 tests, with 0 failures (0 unexpected) in 0.0 (0.0) seconds

Wave review: Boss Rush time=120.04999999999532 bosses=1 state=victory

Wave review: normal checkpoints (time, wave, spawned)=[(0.05, 1, 1), (20.05000000000015, 2, 19), (40.04999999999986, 3, 45), (60.049999999998725, 4, 76), (80.0499999999976, 5, 81), (100.04999999999646, 6, 81)]

Wave review: peak enemies=81, boss spawned=true

Wave review: survival time=149.99999999999986 wave=6 state=fighting

Wave review: arena time=149.99999999999986 wave=6 state=fighting

◊ Test run started.

→ Testing Library Version: 6.3.1 (937120cbc281cf2)

→ Target Platform: x86_64-unknown-windows-msvc

◊ Test waveReviewNormalTwentySecondProgressionAndDeterministicSpawns() started.

◊ Test waveReviewEndlessContinuesPastSix() started.

◊ Test waveReviewUpgradeSelectionFreezesWaveAndSpawning() started.

◊ Test waveReviewBossSpawnRespectsEnemyLimit() started.

◊ Test waveReviewBossRushRequiresAllThreeBosses() started.

√ Test waveReviewUpgradeSelectionFreezesWaveAndSpawning() passed after 0.018 seconds.

× Test waveReviewBossRushRequiresAllThreeBosses() recorded an issue at WaveReviewTests.swift:31:5: Expectation failed: (engine.state → .victory) != .victory

× Test waveReviewBossRushRequiresAllThreeBosses() failed after 0.048 seconds with 1 issue.

√ Test waveReviewNormalTwentySecondProgressionAndDeterministicSpawns() passed after 0.574 seconds.

× Test waveReviewBossSpawnRespectsEnemyLimit() recorded an issue at WaveReviewTests.swift:40:5: Expectation failed: (peak → 81) <= 80

× Test waveReviewBossSpawnRespectsEnemyLimit() failed after 0.686 seconds with 1 issue.

× Test waveReviewEndlessContinuesPastSix() recorded an issue at WaveReviewTests.swift:22:9: Expectation failed: (engine.wave → 6) == 8

× Test waveReviewEndlessContinuesPastSix() recorded an issue at WaveReviewTests.swift:22:9: Expectation failed: (engine.wave → 6) == 8

× Test waveReviewEndlessContinuesPastSix() failed after 1.364 seconds with 2 issues.

× Test run with 5 tests in 0 suites failed after 1.365 seconds with 4 issues.

